{
  "Items": [
    {
      "Type": "preamble",
      "Key": "",
      "Exceptions": [
        "Expecting a , after the BibTeX key\r\n   @preamble{         \"\\def\\ocirc#1{\\ifmmode\\setbox0=\\hbox{$#1\r\n                      ^"
      ],
      "Warnings": [
        "There is no key in this BibTeX reference"
      ],
      "Fields": {}
    },
    {
      "Type": "incollection",
      "Key": "MR1870153",
      "Exceptions": [],
      "Warnings": [],
      "Fields": {
        "author": "Francøcircu, Jan and Krejč\\'\\i, Pavel",
        "title": "Homogenization of scalar wave equation with hysteresis\r\n\t\t\t              operator"
      }
    }
  ],
  "Comments": [
    "\"\\def\\ocirc#1{\\ifmmode\\setbox0=\\hbox{$#1$}\\dimen0=\\ht0\r\n\t       \\advance\\dimen0 by1pt\\rlap{\\hbox to\\wd0{\\hss\\raise\\dimen0\r\n\t\t       \\hbox{\\hskip.2em$\\scriptscriptstyle\\circ$}\\hss}}#1\\else\r\n\t\t           {\\accent\"17 #1}\\fi} \"\r\n\t\t\t   }"
  ]
}