{
  "Items": [
    {
      "Type": "String",
      "Key": "pub-FRED",
      "Exceptions": [
        "Expecting a , after the BibTeX key\r\n @String{pub-FRED = \"Freds Publishing\"}  @String{pub-FRED:\r\n                  ^"
      ],
      "Warnings": [],
      "Fields": {}
    },
    {
      "Type": "String",
      "Key": "pub-FRED:adr",
      "Exceptions": [
        "Expecting a , after the BibTeX key\r\nreds Publishing\"}  @String{pub-FRED:adr = \"London, UK\"}    @Book{Bert:2001:SQL, \r\n                                        ^"
      ],
      "Warnings": [],
      "Fields": {}
    },
    {
      "Type": "Book",
      "Key": "Bert:2001:SQL",
      "Exceptions": [
        "Expecting a field name but nothing was acceptable, so moving onto next whitespace\r\nlisher = pub-FRED,    address = pub-FRED:adr,  }  \r\n                                        ^"
      ],
      "Warnings": [],
      "Fields": {
        "author": "R. A. Bert",
        "title": "SQL is great",
        "publisher": "pub-FRED",
        "address": "pub-FRED"
      }
    }
  ],
  "Comments": [
    "= \"Freds Publishing\"}",
    "= \"London, UK\"}"
  ]
}