{
  "Items": [
    {
      "Type": "article",
      "Key": "Frit2",
      "Exceptions": [],
      "Warnings": [],
      "Fields": {
        "author": "Fritz, U. and Corti, C. and Päckert, M.",
        "doi": "10.1007/s13127-011-0069-8",
        "journal": "Actes du 4\\textsuperscriptème Congrès Fran\\c cais d'Acoustique",
        "pages": "71-80",
        "timestamp": "2015-02-24 12:14:36 +0100",
        "title": "Test of Markupconversion: Italics, Bold, Superscript, Subscript, and Small Caps: Mitochondrial DNA$_2$ Sequences Suggest Unexpected Phylogenetic Position of Corso-Sardinian Grass Snakes (\\emphNatrix\\emph Cetti) and \\textbfDo Not Support Their \\textscSpecies Status, with Notes on Phylogeography and Subspecies Delineation of Grass Snakes.",
        "volume": "12",
        "year": "2012"
      }
    },
    {
      "Type": "article",
      "Key": "AdcroftETAL:1997",
      "Exceptions": [],
      "Warnings": [],
      "Fields": {
        "author": "Adcroft, Alistair and Hill, Chris and Marshall, John",
        "journal": "Monthly Weather Review",
        "pages": "2293-2315",
        "title": "Representation of Topography by Shaved Cells in a Height Coordinate Ocean Model",
        "volume": "125",
        "year": "1997"
      }
    }
  ],
  "Comments": []
}