{
  "Items": [
    {
      "Type": "Article",
      "Key": "Doe-2017",
      "Exceptions": [],
      "Warnings": [],
      "Fields": {
        "author": "John Doe",
        "title": "The paper in subgroup",
        "year": "2017",
        "groups": "my-subgroup-3",
        "owner": "klein",
        "timestamp": "2017.09.11"
      }
    },
    {
      "Type": "Article",
      "Key": "Other-",
      "Exceptions": [],
      "Warnings": [],
      "Fields": {
        "author": "I. Other",
        "title": "The article in my other subgroup",
        "groups": "my-other-subgroup-3",
        "owner": "klein",
        "timestamp": "2017.09.11"
      }
    },
    {
      "Type": "Article",
      "Key": "Unkonw-",
      "Exceptions": [],
      "Warnings": [],
      "Fields": {
        "author": "I Unkonw",
        "title": "the paper in two groups",
        "groups": "my-subgroup-3, my-other-subgroup-3",
        "owner": "klein",
        "timestamp": "2017.09.11"
      }
    },
    {
      "Type": "Article",
      "Key": "Unkonw",
      "Exceptions": [],
      "Warnings": [],
      "Fields": {
        "author": "I Unkonw",
        "title": "the paper not in a group",
        "groups": "my-main-group-3",
        "owner": "klein",
        "timestamp": "2017.09.11"
      }
    }
  ],
  "Comments": [
    "% Encoding: ISO-8859-1",
    "{jabref-meta: databaseType:bibtex;",
    "}",
    "{jabref-meta: groupstree:\r\n0 AllEntriesGroup:;\r\n1 ExplicitGroup:my-main-group-3\\;2\\;;\r\n2 ExplicitGroup:my-subgroup-3\\;0\\;;\r\n3 ExplicitGroup:sub-sub-group-3\\;0\\;;\r\n2 ExplicitGroup:my-other-subgroup-3\\;0\\;;\r\n"
  ]
}