{
  "Items": [
    {
      "Type": "Article",
      "Key": "Doe-2017",
      "Exceptions": [],
      "Warnings": [],
      "Fields": {
        "title": "The paper in subgroup",
        "author": "John Doe",
        "year": "2017",
        "owner": "klein",
        "timestamp": "2017.09.11"
      }
    },
    {
      "Type": "Article",
      "Key": "Other-",
      "Exceptions": [],
      "Warnings": [],
      "Fields": {
        "title": "The article in my other subgroup",
        "author": "I. Other",
        "owner": "klein",
        "timestamp": "2017.09.11"
      }
    },
    {
      "Type": "Article",
      "Key": "Unkonw-",
      "Exceptions": [],
      "Warnings": [],
      "Fields": {
        "title": "the paper not in a group",
        "author": "I Unkonw",
        "owner": "klein",
        "timestamp": "2017.09.11"
      }
    }
  ],
  "Comments": [
    "% This file was created with JabRef 2.10.\r\n% Encoding: ISO8859_1",
    "{jabref-meta: groupsversion:3;",
    "}",
    "{jabref-meta: groupstree:\r\n0 AllEntriesGroup:;\r\n1 ExplicitGroup:my-main-group-2\\;2\\;;\r\n2 ExplicitGroup:my-subgroup-2\\;0\\;Doe-2017\\;;\r\n2 ExplicitGroup:my-other-subgroup-2\\;0\\;Other-\\;;\r\n"
  ]
}