{
  "Items": [
    {
      "Type": "article",
      "Key": "jano2012accelerated",
      "Exceptions": [],
      "Warnings": [],
      "Fields": {
        "title": "Accelerated ageing tests of aluminum electrolytic capacitors for evaluating lifetime prediction models",
        "author": "Jánό, Rajmond and Pitic\\va, Dan",
        "journal": "Acta Technica Napocensis",
        "volume": "53",
        "number": "2",
        "pages": "36",
        "year": "2012",
        "publisher": "Universitatea Tehnica Cluj-Napoca"
      }
    }
  ],
  "Comments": [
    "% advanced escapes"
  ]
}