{
  "Items": [
    {
      "Type": "article",
      "Key": "thac2010simple",
      "Exceptions": [],
      "Warnings": [],
      "Fields": {
        "title": "A simple wide range space vector PWM controller algorithm for voltage-fed inverter induction motor drive including six-step mode",
        "author": "THAC, Khanh NGUYEN",
        "journal": "Prace Naukowe Instytutu Maszyn, Napędόw i Pomiarόw Elektrycznych Politechniki Wrocławskiej. Studia i Materiały",
        "volume": "64",
        "number": "30",
        "pages": "266--277",
        "year": "2010"
      }
    }
  ],
  "Comments": [
    "% advanced \\k escape, etc."
  ]
}