{
  "Items": [
    {
      "Type": "legislation",
      "Key": "_loi_2011",
      "Exceptions": [],
      "Warnings": [],
      "Fields": {
        "date": "2011-05-18",
        "journaltitle": "JORF",
        "langid": "french",
        "number": "BCRX0929142L",
        "pages": "8537",
        "title": "Loi n\\textsuperscripto 2011-525 du 17 mai 2011 de simplification et d'amélioration de la qualité du droit",
        "url": "http://www.legifrance.gouv.fr/affichTexte.do?cidTexte=JORFTEXT000024021430&categorieLien=id"
      }
    }
  ],
  "Comments": []
}