{
  "Items": [
    {
      "Type": "software",
      "Key": "blup_bla_9265",
      "Exceptions": [],
      "Warnings": [],
      "Fields": {
        "author": "Blup",
        "date": "9265",
        "organization": "BliBlaBlup",
        "title": "Bla"
      }
    }
  ],
  "Comments": []
}