{
  "Items": [
    {
      "Type": "patent",
      "Key": "inventorCombinatorialProblemStabilityIssueDate",
      "Exceptions": [],
      "Warnings": [],
      "Fields": {
        "author": "Inventor, Some",
        "editora": "Attorney/Agent, Some and Contributer, Some",
        "editoratype": "collaborator",
        "holder": "Assignee",
        "location": "Country",
        "number": "Patent Number",
        "pages": "247--261",
        "title": "A Combinatorial Problem; Stability and Order for Models and Theories in Infinitary Languages",
        "type": "patent",
        "year": "Issue Date"
      }
    },
    {
      "Type": "patent",
      "Key": "laufenbergElektrischeEinrichtungUnd2005",
      "Exceptions": [],
      "Warnings": [],
      "Fields": {
        "abstract": "Die\r\nErfindung betrifft eine elektrische Einrichtung mit einem Generator\r\n12, insbesondere für die\r\nVerwendung in dem Bordnetz 13 eines Kraftfahrzeugs, mit einem Regler\r\n12B für\r\ndie Regelung der Generatorspannung. Bei der Einrichtung sind ein\r\nBereich 30 für\r\ndie Regelung vorgesehen, in dem eine Spannungsregelung durchgeführt wird,\r\nund Bereiche 31, 32, in denen eine Momentenregelung durchgeführt wird.\r\nWeiterhin betrifft die Erfindung Verfahren für den Betrieb einer solchen\r\nEinrichtung.",
        "author": "Laufenberg, Xaver and Eynius, Dominique and Suelzle, Helmut and Usbeck, Stephan and Spaeth, Matthias and Neuser-Hoffmann, Miriam and Myrzik, Christian and Schmid, Manfred and Nietfeld, Franz and Thiel, Alexander and Braun, Harald and Ebner, Norbert",
        "date": "2005-07-28",
        "holder": "DaimlerChrysler AG (Stuttgart, 70567, DE) Bayerische Motoren Werke AG (München, 80809, DE) Robert Bosch GmbH (Stuttgart, 70469, DE)",
        "number": "10361215",
        "title": "Elektrische Einrichtung Und Betriebsverfahren",
        "type": "patentde",
        "url": "http://www.freepatentsonline.com/DE10361215.html",
        "urldate": "2018-09-05"
      }
    }
  ],
  "Comments": []
}