{
  "Items": [
    {
      "Type": "article",
      "Key": "Nome2014",
      "Exceptions": [],
      "Warnings": [],
      "Fields": {
        "author": "Nöme, Name",
        "title": "Why Is Apple Launching a New Version of the iPod?",
        "year": "2014"
      }
    },
    {
      "Type": "article",
      "Key": "vanGogh2014",
      "Exceptions": [],
      "Warnings": [],
      "Fields": {
        "author": "van Gögh, Vincent",
        "title": "Why Is Apple Launching a New Version of the iPod?",
        "year": "2014"
      }
    }
  ],
  "Comments": []
}