{
  "Items": [
    {
      "Type": "article",
      "Key": "blahut_capacity",
      "Exceptions": [
        "Expecting an = between the field name and the field value\r\nte = {1972},    journaltitle = IEEE_J_IT,    number = {4},    pages = {460--473}\r\n                                        ^",
        "Expecting a field name but nothing was acceptable, so moving onto next whitespace\r\nte = {1972},    journaltitle = IEEE_J_IT,    number = {4},    pages = {460--473}\r\n                                        ^"
      ],
      "Warnings": [],
      "Fields": {
        "author": "Blahut, Richard E",
        "date": "1972",
        "journaltitle": "IEEE",
        "number": "4",
        "pages": "460--473",
        "title": "Computation of Channel Capacity and Rate-Distortion Functions",
        "volume": "18"
      }
    }
  ],
  "Comments": []
}