{
  "Items": [
    {
      "Type": "inproceedings",
      "Key": "EmmerJaens14a",
      "Exceptions": [],
      "Warnings": [],
      "Fields": {
        "address": "Krakow",
        "author": "Emmert, Thomas and Jaensch, Stefan and Sovardi, Carlo and Polifke, Wolfgang",
        "booktitle": "7th Forum Acusticum",
        "keywords": "NonPerRev",
        "month": "sep",
        "note": "\\urlhttp://www.fa2014.agh.edu.pl/fa2014_cd/",
        "title": "taX - a Flexible Tool for Low-Order Duct Acoustic Simulation in Time and Frequency Domain",
        "year": "2014"
      }
    }
  ],
  "Comments": []
}