{
  "Items": [
    {
      "Type": "book",
      "Key": "FMO14",
      "Exceptions": [],
      "Warnings": [],
      "Fields": {
        "address": "Berlin [u.\\textasciitildea.]",
        "author": "Modler, Florian and Kreh, Martin",
        "edition": "3. Aufl.",
        "isbn": "978-3-642-37365-7",
        "language": "ger",
        "publisher": "Springer",
        "shorttitle": "Tutorium",
        "title": "Tutorium Analysis 1 und Lineare Algebra 1. Mathematik von Studenten für Studenten erklärt und kommenteiert",
        "year": "2014"
      }
    },
    {
      "Type": "book",
      "Key": "OFO13",
      "Exceptions": [],
      "Warnings": [],
      "Fields": {
        "author": "Forster, Otto",
        "publisher": "Springer",
        "title": "Analysis 1",
        "volume": "12",
        "year": "2013"
      }
    }
  ],
  "Comments": []
}