{
  "Items": [
    {
      "Type": "book",
      "Key": "knoblauch_dialogen_1789-1",
      "Exceptions": [],
      "Warnings": [],
      "Fields": {
        "author": "family=Knoblauch, given=Karl, prefix=von, useprefix=false",
        "date": "1789",
        "keywords": "anonym,Knoblauch,Monographie,Quelle",
        "langid": "german",
        "location": "[Marburg]",
        "options": "pseudoauthor=true",
        "pagetotal": "72",
        "publisher": "Krieger",
        "shorttitle": "Dialogen",
        "title": "Dialogen über einige Gegenstände der politischen Oekonomie und Philosophie"
      }
    }
  ],
  "Comments": []
}