{
  "Items": [
    {
      "Type": "article",
      "Key": "2016",
      "Exceptions": [],
      "Warnings": [],
      "Fields": {
        "date": "2016-09-22",
        "title": "Dates Incorrect When Zotero Date Field Includes Times \\#934"
      }
    }
  ],
  "Comments": []
}