{
  "Items": [
    {
      "Type": "book",
      "Key": "vangogh",
      "Exceptions": [],
      "Warnings": [],
      "Fields": {
        "author": "van Gogh, Vincent",
        "note": "[van Gogh][Vincent]",
        "options": "useprefix=true"
      }
    },
    {
      "Type": "book",
      "Key": "humboldt",
      "Exceptions": [],
      "Warnings": [],
      "Fields": {
        "author": "von Humboldt, Alexander",
        "note": "[Humboldt][Alexander von]"
      }
    },
    {
      "Type": "book",
      "Key": "beauvoir",
      "Exceptions": [],
      "Warnings": [],
      "Fields": {
        "author": "de Beauvoir, Simone",
        "note": "[Beauvoir][Simone de]"
      }
    },
    {
      "Type": "book",
      "Key": "degaulle",
      "Exceptions": [],
      "Warnings": [],
      "Fields": {
        "author": "de Gaulle, Charles",
        "note": "[\"de Gaulle\"][Charles]"
      }
    },
    {
      "Type": "book",
      "Key": "king",
      "Exceptions": [],
      "Warnings": [],
      "Fields": {
        "author": "King, Jr., Martin Luther",
        "note": "[King][Martin Luther, Jr.]"
      }
    },
    {
      "Type": "book",
      "Key": "stevenson",
      "Exceptions": [],
      "Warnings": [],
      "Fields": {
        "author": "Stevenson, III, Adlai E.",
        "note": "[Stevenson][Adlai E.,! III]"
      }
    },
    {
      "Type": "book",
      "Key": "nationalaeronauticsandspaceadministration",
      "Exceptions": [],
      "Warnings": [],
      "Fields": {
        "author": "National Aeronautics and Space Administration",
        "note": "[[National Aeronautics and Space Administration]]"
      }
    },
    {
      "Type": "book",
      "Key": "bovendeert",
      "Exceptions": [],
      "Warnings": [],
      "Fields": {
        "author": "boven d' Eert, Christianus",
        "note": "[boven d'Eert][Christianus]",
        "options": "useprefix=true"
      }
    },
    {
      "Type": "book",
      "Key": "s-gravesande",
      "Exceptions": [],
      "Warnings": [],
      "Fields": {
        "author": "'s- Gravesande, Goverdus",
        "note": "['s-Gravesande][Goverdus]",
        "options": "useprefix=true"
      }
    },
    {
      "Type": "book",
      "Key": "dequincey",
      "Exceptions": [],
      "Warnings": [],
      "Fields": {
        "author": "De Quincey, Thomas",
        "note": "[De Quincey][Thomas]"
      }
    },
    {
      "Type": "book",
      "Key": "ortegaygasset",
      "Exceptions": [],
      "Warnings": [],
      "Fields": {
        "author": "Ortega y Gasset, José",
        "note": "[Ortega y Gasset][José]"
      }
    },
    {
      "Type": "book",
      "Key": "damato",
      "Exceptions": [],
      "Warnings": [],
      "Fields": {
        "author": "D’Amato, Alfonse",
        "note": "[D’Amato][Alfonse]"
      }
    },
    {
      "Type": "book",
      "Key": "sadat",
      "Exceptions": [],
      "Warnings": [],
      "Fields": {
        "author": "el- Sadat, Anwar",
        "note": "[Sadat][Anwar el-]"
      }
    },
    {
      "Type": "book",
      "Key": "lafollette",
      "Exceptions": [],
      "Warnings": [],
      "Fields": {
        "author": "La Follette, Sr., Robert M.",
        "note": "[La Follette][Robert M., Sr.]"
      }
    },
    {
      "Type": "book",
      "Key": "delamare",
      "Exceptions": [],
      "Warnings": [],
      "Fields": {
        "author": "de la Mare, Walter",
        "note": "[\"de la Mare\"][Walter]"
      }
    },
    {
      "Type": "book",
      "Key": "degette",
      "Exceptions": [],
      "Warnings": [],
      "Fields": {
        "author": "DeGette, Diana",
        "note": "[DeGette][Diana]"
      }
    },
    {
      "Type": "book",
      "Key": "saunders",
      "Exceptions": [],
      "Warnings": [],
      "Fields": {
        "author": "Saunders, John Bertrand de Cusance Morant",
        "note": "[Saunders][John Bertrand de Cusance Morant]"
      }
    },
    {
      "Type": "book",
      "Key": "marcusaurelius",
      "Exceptions": [],
      "Warnings": [],
      "Fields": {
        "author": "Marcus Aurelius",
        "note": "[[Marcus Aurelius]]"
      }
    },
    {
      "Type": "book",
      "Key": "dumas",
      "Exceptions": [],
      "Warnings": [],
      "Fields": {
        "author": "Dumas, père, Alexandre",
        "note": "[Dumas][Alexandre, père]"
      }
    },
    {
      "Type": "book",
      "Key": "vanrensselaer",
      "Exceptions": [],
      "Warnings": [],
      "Fields": {
        "author": "Van Rensselaer, Stephen",
        "note": "[Van Rensselaer][Stephen]"
      }
    },
    {
      "Type": "book",
      "Key": "lenfant",
      "Exceptions": [],
      "Warnings": [],
      "Fields": {
        "author": "L’Enfant, Pierre-Charles",
        "note": "[L’Enfant][Pierre-Charles]"
      }
    },
    {
      "Type": "book",
      "Key": "vangulik",
      "Exceptions": [],
      "Warnings": [],
      "Fields": {
        "author": "van Gulik, Robert",
        "note": "[\"van Gulik\"][Robert]"
      }
    },
    {
      "Type": "book",
      "Key": "sackville-west",
      "Exceptions": [],
      "Warnings": [],
      "Fields": {
        "author": "Sackville-West, Victoria",
        "note": "[Sackville-West][Victoria]"
      }
    },
    {
      "Type": "book",
      "Key": "vaughanwilliams",
      "Exceptions": [],
      "Warnings": [],
      "Fields": {
        "author": "Vaughan Williams, Ralph",
        "note": "[Vaughan Williams][Ralph]"
      }
    },
    {
      "Type": "book",
      "Key": "miesvanderrohe",
      "Exceptions": [],
      "Warnings": [],
      "Fields": {
        "author": "Mies van der Rohe, Ludwig",
        "note": "[Mies van der Rohe][Ludwig]"
      }
    },
    {
      "Type": "book",
      "Key": "dalembert",
      "Exceptions": [],
      "Warnings": [],
      "Fields": {
        "author": "d’ Alembert, Jean le Rond",
        "note": "[d’Alembert][Jean le Rond]",
        "options": "useprefix=true"
      }
    },
    {
      "Type": "book",
      "Key": "tocqueville",
      "Exceptions": [],
      "Warnings": [],
      "Fields": {
        "author": "de Tocqueville, Alexis",
        "note": "[Tocqueville][Alexis de]"
      }
    },
    {
      "Type": "book",
      "Key": "lafontaine",
      "Exceptions": [],
      "Warnings": [],
      "Fields": {
        "author": "de La Fontaine, Jean",
        "note": "[La Fontaine][Jean de]"
      }
    },
    {
      "Type": "book",
      "Key": "lasalle",
      "Exceptions": [],
      "Warnings": [],
      "Fields": {
        "author": "de La Salle, René-Robert Cavelier",
        "note": "[La Salle][René-Robert Cavelier de]"
      }
    },
    {
      "Type": "book",
      "Key": "dupuydeclinchamps",
      "Exceptions": [],
      "Warnings": [],
      "Fields": {
        "author": "du Puy de Clinchamps, \\relax Philippe",
        "note": "[du Puy de Clinchamps][PhU+0097ilippe]",
        "options": "useprefix=true"
      }
    },
    {
      "Type": "book",
      "Key": "stein",
      "Exceptions": [],
      "Warnings": [],
      "Fields": {
        "author": "vom und zum Stein, Heinrich Friedrich Karl",
        "note": "[Stein][Heinrich Friedrich Karl vom und zum]"
      }
    },
    {
      "Type": "book",
      "Key": "silva",
      "Exceptions": [],
      "Warnings": [],
      "Fields": {
        "author": "da Silva, Agostinho",
        "note": "[Silva][Agostinho da]"
      }
    },
    {
      "Type": "book",
      "Key": "dagama",
      "Exceptions": [],
      "Warnings": [],
      "Fields": {
        "author": "da Gama, Vasco",
        "note": "[\"da Gama\"][Vasco]"
      }
    },
    {
      "Type": "book",
      "Key": "dannunzio",
      "Exceptions": [],
      "Warnings": [],
      "Fields": {
        "author": "D’Annunzio, Gabriele",
        "note": "[D’Annunzio][Gabriele]"
      }
    },
    {
      "Type": "book",
      "Key": "daponte",
      "Exceptions": [],
      "Warnings": [],
      "Fields": {
        "author": "Da Ponte, Lorenzo",
        "note": "[Da Ponte][Lorenzo]"
      }
    },
    {
      "Type": "book",
      "Key": "dellarobbia",
      "Exceptions": [],
      "Warnings": [],
      "Fields": {
        "author": "Della Robbia, Luca",
        "note": "[Della Robbia][Luca]"
      }
    },
    {
      "Type": "book",
      "Key": "este",
      "Exceptions": [],
      "Warnings": [],
      "Fields": {
        "author": "d’ Este, Beatrice",
        "note": "[Este][Beatrice d’]"
      }
    },
    {
      "Type": "book",
      "Key": "medici",
      "Exceptions": [],
      "Warnings": [],
      "Fields": {
        "author": "de’\\mbox Medici, Lorenzo",
        "note": "[Medici][Lorenzo de’U+200B]"
      }
    },
    {
      "Type": "book",
      "Key": "al-hakim",
      "Exceptions": [],
      "Warnings": [],
      "Fields": {
        "author": "al- Hakim, Tawfiq",
        "note": "[al-Hakim][Tawfiq]",
        "options": "useprefix=true"
      }
    },
    {
      "Type": "book",
      "Key": "levayer",
      "Exceptions": [],
      "Warnings": [],
      "Fields": {
        "author": "Le Vayer, François de La Mothe",
        "note": "[Le Vayer][François de La Mothe]"
      }
    },
    {
      "Type": "preamble",
      "Key": "",
      "Exceptions": [
        "Expecting a , after the BibTeX key\r\nFrançois de La Mothe]}  }    @preamble{ \"\\ifdefined\\DeclarePrefChars\\DeclarePref\r\n                                        ^"
      ],
      "Warnings": [
        "There is no key in this BibTeX reference"
      ],
      "Fields": {}
    }
  ],
  "Comments": []
}