{
  "Items": [
    {
      "Type": "incollection",
      "Key": "koopman_efficient_99",
      "Exceptions": [],
      "Warnings": [],
      "Fields": {
        "author": "Koopman, Pieter and Plasmeijer, Rinus",
        "booktitle": "Implementation of Functional Languages",
        "date": "1999",
        "doi": "10.1007/3-540-48515-5_8",
        "pages": "120--136",
        "publisher": "Springer",
        "title": "Efficient Combinator Parsers"
      }
    }
  ],
  "Comments": []
}