{
  "Items": [
    {
      "Type": "mvlexicon",
      "Key": "Shelahcombinatorialproblemstability1972",
      "Exceptions": [],
      "Warnings": [],
      "Fields": {
        "annote": "MR 46:7018",
        "author": "Shelah, Saharon",
        "editortype": "translated and edited under the supervision of",
        "journal": "Pacific Journal of Mathematics",
        "note": "\\biblatex\\\r\n  editortype: \"translated and edited under the supervision of\",\r\n  referencetype: mvlexicon\r\n\\\r\n\r\n\\",
        "pages": "247--261",
        "title": "A Combinatorial Problem; Stability and Order for Models and Theories in Infinitary Languages",
        "volume": "41",
        "year": "1972"
      }
    }
  ],
  "Comments": []
}