{
  "Items": [
    {
      "Type": "movie",
      "Key": "Doe2015",
      "Exceptions": [],
      "Warnings": [],
      "Fields": {
        "date": "2015",
        "director": "Doe, John and Roe, Rob",
        "location": "US/GB",
        "publisher": "The Distributor",
        "title": "A Film"
      }
    },
    {
      "Type": "report",
      "Key": "Author2015",
      "Exceptions": [],
      "Warnings": [],
      "Fields": {
        "author": "Author, Ann",
        "date": "2015",
        "editor": "Editrix, Emma and Editor, Ed",
        "institution": "Institution",
        "location": "Place",
        "note": "\\:X-genre: xxx\\",
        "number": "77",
        "title": "A Report",
        "type": "working paper"
      }
    },
    {
      "Type": "video",
      "Key": "Kubrick1964",
      "Exceptions": [],
      "Warnings": [],
      "Fields": {
        "date": "1964",
        "director": "Kubrick, Stanley",
        "shorttitle": "Dr. Strangelove",
        "title": "Dr. Strangelove or: How I Learned to Stop Worrying and Love the Bomb"
      }
    },
    {
      "Type": "video",
      "Key": "friends:leia:tv",
      "Exceptions": [],
      "Warnings": [],
      "Fields": {
        "booktitle": "Friends",
        "date": "1996-09-16",
        "director": "Mancuso, Gail",
        "journaltitle": "Friends",
        "langid": "american",
        "location": "US",
        "number": "1",
        "publisher": "NBC",
        "scriptwriter": "Curtis, Michael and Malins, Gregory S.",
        "title": "The One with the Princess Leia Fantasy",
        "volume": "3"
      }
    },
    {
      "Type": "video",
      "Key": "friends:leia:dvd",
      "Exceptions": [],
      "Warnings": [],
      "Fields": {
        "booktitle": "Friends",
        "date": "2003",
        "director": "Mancuso, Gail",
        "langid": "american",
        "location": "US",
        "number": "1",
        "origdate": "1996-09-16",
        "origpublisher": "NBC",
        "publisher": "Warner Home Video",
        "scriptwriter": "Curtis, Michael and Malins, Gregory S.",
        "title": "The One with the Princess Leia Fantasy",
        "volume": "3"
      }
    },
    {
      "Type": "inreference",
      "Key": "emptybook",
      "Exceptions": [],
      "Warnings": [],
      "Fields": {
        "editor": "Xxx",
        "note": "\\:X-genre: xxx\\"
      }
    },
    {
      "Type": "inreference",
      "Key": "Blair2004",
      "Exceptions": [],
      "Warnings": [],
      "Fields": {
        "author": "Blair, John",
        "booktitle": "Oxford Dictionary of National Biography",
        "date": "2004",
        "doi": "10.1093/ref:odnb/10183",
        "editor": "Matthew, H.C.G. and Harrison, Brian Howard",
        "location": "Oxford",
        "publisher": "Oxford University Press",
        "title": "Frithuswith (\\emphd. 727)",
        "url": "http://www.oxforddnb.com/view/article/10183",
        "urldate": "2014-06-13"
      }
    }
  ],
  "Comments": []
}