{
  "Items": [
    {
      "Type": "mvbook",
      "Key": "descartes_oeuvres_1897",
      "Exceptions": [],
      "Warnings": [],
      "Fields": {
        "author": "Descartes, René",
        "date": "1897/1913",
        "editor": "Adam, Charles and Tannery, Paul",
        "langid": "french",
        "location": "Paris",
        "publisher": "Cerf",
        "title": "Œuvres de Descartes",
        "volumes": "13"
      }
    },
    {
      "Type": "mvbook",
      "Key": "descartes_oeuvres_1897-1",
      "Exceptions": [],
      "Warnings": [],
      "Fields": {
        "author": "Descartes, René",
        "date": "1897/1913",
        "editor": "Adam, Charles and Tannery, Paul",
        "langid": "french",
        "location": "Paris",
        "publisher": "Cerf",
        "title": "Œuvres de Descartes",
        "volumes": "13"
      }
    },
    {
      "Type": "mvbook",
      "Key": "descartes_oeuvres_1897-2",
      "Exceptions": [],
      "Warnings": [],
      "Fields": {
        "author": "Descartes, René",
        "date": "1897/1913",
        "editor": "Adam, Charles and Tannery, Paul",
        "langid": "french",
        "location": "Paris",
        "publisher": "Cerf",
        "title": "Œuvres de Descartes",
        "volumes": "13"
      }
    }
  ],
  "Comments": []
}