{
  "Items": [
    {
      "Type": "article",
      "Key": "Shelahcombinatorialproblemstability",
      "Exceptions": [],
      "Warnings": [],
      "Fields": {
        "author": "Shelah, Saharon",
        "journal": "Pacific Journal of Mathematics",
        "pages": "247--261",
        "title": "A Combinatorial Problem; Stability and Order for Models and Theories in Infinitary Languages",
        "volume": "41",
        "year": "undefined"
      }
    }
  ],
  "Comments": []
}