{
  "Items": [
    {
      "Type": "inproceedings",
      "Key": "Mitchell96",
      "Exceptions": [
        "Expecting an = between the field name and the field value\r\nn P.},    booktitle = PROC_SIGGRAPH93_01,    editor = {Rushmeier, Holly},    mon\r\n                                        ^",
        "Expecting a field name but nothing was acceptable, so moving onto next whitespace\r\nn P.},    booktitle = PROC_SIGGRAPH93_01,    editor = {Rushmeier, Holly},    mon\r\n                                        ^",
        "Expecting an = between the field name and the field value\r\nth = aug,    organization = ACM_SIGGRAPH,    pages = {277-280},    publisher = A\r\n                                        ^",
        "Expecting a field name but nothing was acceptable, so moving onto next whitespace\r\nth = aug,    organization = ACM_SIGGRAPH,    pages = {277-280},    publisher = A\r\n                                        ^"
      ],
      "Warnings": [],
      "Fields": {
        "author": "Mitchell, Don P.",
        "booktitle": "PROC",
        "editor": "Rushmeier, Holly",
        "month": "aug",
        "organization": "ACM",
        "pages": "277-280",
        "publisher": "AW",
        "series": "ACS",
        "title": "Consequences of Stratified Sampling in Graphics",
        "year": "1996"
      }
    }
  ],
  "Comments": []
}