{
  "Items": [
    {
      "Type": "online",
      "Key": "SeasonrangesEDTF2017",
      "Exceptions": [],
      "Warnings": [],
      "Fields": {
        "date": "2017-23/2017-24",
        "origdate": "2015-21/2016-22",
        "title": "Season Ranges: EDTF and Literal"
      }
    },
    {
      "Type": "online",
      "Key": "monthsoutrange2017",
      "Exceptions": [],
      "Warnings": [],
      "Fields": {
        "origdate": "2017-14/2017-99",
        "title": "Months out of Range",
        "year": "2017-14/2017-15"
      }
    },
    {
      "Type": "online",
      "Key": "00112100122211",
      "Exceptions": [],
      "Warnings": [],
      "Fields": {
        "date": "0011-21/0012-22",
        "title": "0011-21/0012-22"
      }
    },
    {
      "Type": "online",
      "Key": "001121001222-11",
      "Exceptions": [],
      "Warnings": [],
      "Fields": {
        "date": "-0011-21/-0012-22",
        "title": "-0011-21/-0012-22"
      }
    },
    {
      "Type": "online",
      "Key": "201121201222-2011",
      "Exceptions": [],
      "Warnings": [],
      "Fields": {
        "date": "-2011-21/-2012-22",
        "title": "-2011-21/-2012-22"
      }
    },
    {
      "Type": "online",
      "Key": "0000210000240",
      "Exceptions": [],
      "Warnings": [],
      "Fields": {
        "date": "0000-21/0000-24",
        "title": "0000-21/0000-24"
      }
    }
  ],
  "Comments": []
}