{
  "Items": [
    {
      "Type": "book",
      "Key": "macedo_catalogo_1799",
      "Exceptions": [],
      "Warnings": [],
      "Fields": {
        "author": "Macedo, Agostinho José da Costa de",
        "date": "1799",
        "keywords": "Literary Criticism / European / Spanish & Portuguese,Portuguese literature",
        "langid": "portuguese",
        "location": "Lisboa",
        "pagetotal": "182",
        "publisher": "Na Typographia da Mesma Academia",
        "shorttitle": "Catalogo dos livros, que se haõ de ler...",
        "title": "Catalogo dos livros, que se haõ de ler para a continuaçaõ do diccionario da lingua Portugueza: mandado publicar pela Academia Real das Sciencias de Lisboa"
      }
    },
    {
      "Type": "thesis",
      "Key": "oliveira_memoriam_2007",
      "Exceptions": [],
      "Warnings": [],
      "Fields": {
        "author": "Oliveira, Maria Manuel Lobo Pinto de",
        "date": "2007",
        "institution": "Universidade do Minho",
        "location": "Guimarães, Portugal",
        "title": "In Memoriam, Na Cidade",
        "type": "Tese de Doutoramento em Arquitectura",
        "url": "http://repositorium.sdum.uminho.pt/handle/1822/6877",
        "urldate": "2015-03-24"
      }
    }
  ],
  "Comments": []
}