{
  "Items": [
    {
      "Type": "book",
      "Key": "Landafshits.V7",
      "Exceptions": [],
      "Warnings": [],
      "Fields": {
        "address": "М.",
        "author": "Ландау, Л. Д. and Лифшиц, Е. М.",
        "edition": "5",
        "isbn": "5-9221-0122-6",
        "language": "russian",
        "pagetotal": "259",
        "publisher": "Физматлит",
        "series": "Теоретическая физика",
        "title": "Теория упругости",
        "volume": "7",
        "year": "2007"
      }
    }
  ],
  "Comments": []
}