{
  "Items": [
    {
      "Type": "mvbook",
      "Key": "Landafshits.V7",
      "Exceptions": [],
      "Warnings": [],
      "Fields": {
        "author": "Ландау, Л. Д. and Лифшиц, Е. М.",
        "date": "2007",
        "edition": "5",
        "isbn": "5-9221-0122-6",
        "langid": "russian",
        "location": "М.",
        "pagetotal": "259",
        "publisher": "Физматлит",
        "series": "Теоретическая физика",
        "title": "Теория упругости",
        "volume": "7",
        "volumes": "10"
      }
    }
  ],
  "Comments": []
}