{
  "Items": [
    {
      "Type": "mastersthesis",
      "Key": "Woller2011DetMultiple",
      "Exceptions": [],
      "Warnings": [],
      "Fields": {
        "author": "Wøller, Sune Brøndum",
        "date": "2011",
        "langid": "norsk",
        "title": "Det multiple arkæologiske objekt. Et studie af materialitet og arkæologiske tekstiler"
      }
    },
    {
      "Type": "phdthesis",
      "Key": "Woller2011CTRDet",
      "Exceptions": [],
      "Warnings": [],
      "Fields": {
        "author": "Wøller, Sune Brøndum",
        "date": "2011",
        "langid": "norsk",
        "title": "CTR Det multiple arkæologiske objekt. Et studie af materialitet og arkæologiske tekstiler"
      }
    }
  ],
  "Comments": []
}