{
  "Items": [
    {
      "Type": "article",
      "Key": "Almog1984",
      "Exceptions": [],
      "Warnings": [],
      "Fields": {
        "author": "Almog, Joseph",
        "date": "1984-09-01",
        "doi": "10.1111/j.1475-4975.1984.tb00073.x",
        "journaltitle": "Midwest Studies In Philosophy",
        "number": "1",
        "pages": "478--489",
        "title": "Semantical Anthropology",
        "volume": "9"
      }
    }
  ],
  "Comments": []
}